[N_d5_p0.0950] 500/16000 rss=0.30GB
[N_d5_p0.0950] 1000/16000 rss=0.29GB
[N_d5_p0.0950] 1500/16000 rss=0.29GB
[N_d5_p0.0950] 2000/16000 rss=0.29GB
[N_d5_p0.0950] 2500/16000 rss=0.29GB
[N_d5_p0.0950] 3000/16000 rss=0.29GB
[N_d5_p0.0950] 3500/16000 rss=0.29GB
[N_d5_p0.0950] 4000/16000 rss=0.29GB
[N_d5_p0.0950] 4500/16000 rss=0.29GB
[N_d5_p0.0950] 5000/16000 rss=0.29GB
[N_d5_p0.0950] 5500/16000 rss=0.29GB
[N_d5_p0.0950] 6000/16000 rss=0.29GB
[N_d5_p0.0950] 6500/16000 rss=0.10GB
[N_d5_p0.0950] 7000/16000 rss=0.09GB
[N_d5_p0.0950] 7500/16000 rss=0.09GB
[N_d5_p0.0950] 8000/16000 rss=0.03GB
[N_d5_p0.0950] 8500/16000 rss=0.03GB
[N_d5_p0.0950] 9000/16000 rss=0.03GB
[N_d5_p0.0950] 9500/16000 rss=0.03GB
[N_d5_p0.0950] 10000/16000 rss=0.03GB
[N_d5_p0.0950] 10500/16000 rss=0.03GB
[N_d5_p0.0950] 11000/16000 rss=0.03GB
[N_d5_p0.0950] 11500/16000 rss=0.03GB
[N_d5_p0.0950] 12000/16000 rss=0.03GB
[N_d5_p0.0950] 12500/16000 rss=0.03GB
[N_d5_p0.0950] 13000/16000 rss=0.03GB
[N_d5_p0.0950] 13500/16000 rss=0.03GB
[N_d5_p0.0950] 14000/16000 rss=0.03GB
[N_d5_p0.0950] 14500/16000 rss=0.03GB
[N_d5_p0.0950] 15000/16000 rss=0.03GB
[N_d5_p0.0950] 15500/16000 rss=0.03GB
[N_d5_p0.0950] 16000/16000 rss=0.03GB
[N_d5_p0.0950] n=16000 MAP 0.1079 MWPM 0.1086
[N_d5_p0.1000] 500/16000 rss=0.05GB
[N_d5_p0.1000] 1000/16000 rss=0.05GB
[N_d5_p0.1000] 1500/16000 rss=0.05GB
[N_d5_p0.1000] 2000/16000 rss=0.05GB
[N_d5_p0.1000] 2500/16000 rss=0.05GB
[N_d5_p0.1000] 3000/16000 rss=0.05GB
[N_d5_p0.1000] 3500/16000 rss=0.05GB
[N_d5_p0.1000] 4000/16000 rss=0.05GB
[N_d5_p0.1000] 4500/16000 rss=0.05GB
[N_d5_p0.1000] 5000/16000 rss=0.04GB
[N_d5_p0.1000] 5500/16000 rss=0.04GB
[N_d5_p0.1000] 6000/16000 rss=0.03GB
[N_d5_p0.1000] 6500/16000 rss=0.03GB
[N_d5_p0.1000] 7000/16000 rss=0.03GB
[N_d5_p0.1000] 7500/16000 rss=0.03GB
[N_d5_p0.1000] 8000/16000 rss=0.03GB
[N_d5_p0.1000] 8500/16000 rss=0.03GB
[N_d5_p0.1000] 9000/16000 rss=0.03GB
[N_d5_p0.1000] 9500/16000 rss=0.03GB
[N_d5_p0.1000] 10000/16000 rss=0.03GB
[N_d5_p0.1000] 10500/16000 rss=0.03GB
[N_d5_p0.1000] 11000/16000 rss=0.03GB
[N_d5_p0.1000] 11500/16000 rss=0.03GB
[N_d5_p0.1000] 12000/16000 rss=0.03GB
[N_d5_p0.1000] 12500/16000 rss=0.03GB
[N_d5_p0.1000] 13000/16000 rss=0.03GB
[N_d5_p0.1000] 13500/16000 rss=0.03GB
[N_d5_p0.1000] 14000/16000 rss=0.03GB
[N_d5_p0.1000] 14500/16000 rss=0.03GB
[N_d5_p0.1000] 15000/16000 rss=0.03GB
[N_d5_p0.1000] 15500/16000 rss=0.03GB
[N_d5_p0.1000] 16000/16000 rss=0.03GB
[N_d5_p0.1000] n=16000 MAP 0.1204 MWPM 0.1223
[N_d5_p0.1040] 500/16000 rss=0.05GB
[N_d5_p0.1040] 1000/16000 rss=0.05GB
[N_d5_p0.1040] 1500/16000 rss=0.05GB
[N_d5_p0.1040] 2000/16000 rss=0.04GB
[N_d5_p0.1040] 2500/16000 rss=0.03GB
[N_d5_p0.1040] 3000/16000 rss=0.03GB
[N_d5_p0.1040] 3500/16000 rss=0.03GB
[N_d5_p0.1040] 4000/16000 rss=0.03GB
[N_d5_p0.1040] 4500/16000 rss=0.03GB
[N_d5_p0.1040] 5000/16000 rss=0.03GB
[N_d5_p0.1040] 5500/16000 rss=0.03GB
[N_d5_p0.1040] 6000/16000 rss=0.03GB
[N_d5_p0.1040] 6500/16000 rss=0.03GB
[N_d5_p0.1040] 7000/16000 rss=0.03GB
[N_d5_p0.1040] 7500/16000 rss=0.03GB
[N_d5_p0.1040] 8000/16000 rss=0.03GB
[N_d5_p0.1040] 8500/16000 rss=0.03GB
[N_d5_p0.1040] 9000/16000 rss=0.03GB
[N_d5_p0.1040] 9500/16000 rss=0.03GB
[N_d5_p0.1040] 10000/16000 rss=0.03GB
[N_d5_p0.1040] 10500/16000 rss=0.03GB
[N_d5_p0.1040] 11000/16000 rss=0.03GB
[N_d5_p0.1040] 11500/16000 rss=0.03GB
[N_d5_p0.1040] 12000/16000 rss=0.03GB
[N_d5_p0.1040] 12500/16000 rss=0.03GB
[N_d5_p0.1040] 13000/16000 rss=0.03GB
[N_d5_p0.1040] 13500/16000 rss=0.03GB
[N_d5_p0.1040] 14000/16000 rss=0.03GB
[N_d5_p0.1040] 14500/16000 rss=0.03GB
[N_d5_p0.1040] 15000/16000 rss=0.03GB
[N_d5_p0.1040] 15500/16000 rss=0.03GB
[N_d5_p0.1040] 16000/16000 rss=0.03GB
[N_d5_p0.1040] n=16000 MAP 0.1303 MWPM 0.1306
[N_d5_p0.1080] 500/16000 rss=0.04GB
[N_d5_p0.1080] 1000/16000 rss=0.04GB
[N_d5_p0.1080] 1500/16000 rss=0.04GB
[N_d5_p0.1080] 2000/16000 rss=0.04GB
[N_d5_p0.1080] 2500/16000 rss=0.04GB
[N_d5_p0.1080] 3000/16000 rss=0.04GB
[N_d5_p0.1080] 3500/16000 rss=0.04GB
[N_d5_p0.1080] 4000/16000 rss=0.04GB
[N_d5_p0.1080] 4500/16000 rss=0.04GB
[N_d5_p0.1080] 5000/16000 rss=0.04GB
[N_d5_p0.1080] 5500/16000 rss=0.03GB
[N_d5_p0.1080] 6000/16000 rss=0.03GB
[N_d5_p0.1080] 6500/16000 rss=0.03GB
[N_d5_p0.1080] 7000/16000 rss=0.03GB
[N_d5_p0.1080] 7500/16000 rss=0.03GB
[N_d5_p0.1080] 8000/16000 rss=0.03GB
[N_d5_p0.1080] 8500/16000 rss=0.03GB
[N_d5_p0.1080] 9000/16000 rss=0.03GB
[N_d5_p0.1080] 9500/16000 rss=0.03GB
[N_d5_p0.1080] 10000/16000 rss=0.03GB
[N_d5_p0.1080] 10500/16000 rss=0.03GB
[N_d5_p0.1080] 11000/16000 rss=0.03GB
[N_d5_p0.1080] 11500/16000 rss=0.03GB
[N_d5_p0.1080] 12000/16000 rss=0.03GB
[N_d5_p0.1080] 12500/16000 rss=0.03GB
[N_d5_p0.1080] 13000/16000 rss=0.03GB
[N_d5_p0.1080] 13500/16000 rss=0.03GB
[N_d5_p0.1080] 14000/16000 rss=0.03GB
[N_d5_p0.1080] 14500/16000 rss=0.03GB
[N_d5_p0.1080] 15000/16000 rss=0.03GB
[N_d5_p0.1080] 15500/16000 rss=0.03GB
[N_d5_p0.1080] 16000/16000 rss=0.03GB
[N_d5_p0.1080] n=16000 MAP 0.1466 MWPM 0.1472
[N_d5_p0.1120] 500/16000 rss=0.03GB
[N_d5_p0.1120] 1000/16000 rss=0.03GB
[N_d5_p0.1120] 1500/16000 rss=0.03GB
[N_d5_p0.1120] 2000/16000 rss=0.03GB
[N_d5_p0.1120] 2500/16000 rss=0.03GB
[N_d5_p0.1120] 3000/16000 rss=0.03GB
[N_d5_p0.1120] 3500/16000 rss=0.03GB
[N_d5_p0.1120] 4000/16000 rss=0.03GB
[N_d5_p0.1120] 4500/16000 rss=0.03GB
[N_d5_p0.1120] 5000/16000 rss=0.03GB
[N_d5_p0.1120] 5500/16000 rss=0.03GB
[N_d5_p0.1120] 6000/16000 rss=0.03GB
[N_d5_p0.1120] 6500/16000 rss=0.03GB
[N_d5_p0.1120] 7000/16000 rss=0.03GB
[N_d5_p0.1120] 7500/16000 rss=0.03GB
[N_d5_p0.1120] 8000/16000 rss=0.03GB
[N_d5_p0.1120] 8500/16000 rss=0.03GB
[N_d5_p0.1120] 9000/16000 rss=0.03GB
[N_d5_p0.1120] 9500/16000 rss=0.03GB
[N_d5_p0.1120] 10000/16000 rss=0.03GB
[N_d5_p0.1120] 10500/16000 rss=0.03GB
[N_d5_p0.1120] 11000/16000 rss=0.03GB
[N_d5_p0.1120] 11500/16000 rss=0.03GB
[N_d5_p0.1120] 12000/16000 rss=0.03GB
[N_d5_p0.1120] 12500/16000 rss=0.03GB
[N_d5_p0.1120] 13000/16000 rss=0.03GB
[N_d5_p0.1120] 13500/16000 rss=0.03GB
[N_d5_p0.1120] 14000/16000 rss=0.03GB
[N_d5_p0.1120] 14500/16000 rss=0.03GB
[N_d5_p0.1120] 15000/16000 rss=0.03GB
[N_d5_p0.1120] 15500/16000 rss=0.03GB
[N_d5_p0.1120] 16000/16000 rss=0.03GB
[N_d5_p0.1120] n=16000 MAP 0.1541 MWPM 0.1555
[N_d5_p0.1160] 500/16000 rss=0.04GB
[N_d5_p0.1160] 1000/16000 rss=0.03GB
[N_d5_p0.1160] 1500/16000 rss=0.03GB
[N_d5_p0.1160] 2000/16000 rss=0.03GB
[N_d5_p0.1160] 2500/16000 rss=0.03GB
[N_d5_p0.1160] 3000/16000 rss=0.03GB
[N_d5_p0.1160] 3500/16000 rss=0.03GB
[N_d5_p0.1160] 4000/16000 rss=0.03GB
[N_d5_p0.1160] 4500/16000 rss=0.03GB
[N_d5_p0.1160] 5000/16000 rss=0.03GB
[N_d5_p0.1160] 5500/16000 rss=0.03GB
[N_d5_p0.1160] 6000/16000 rss=0.03GB
[N_d5_p0.1160] 6500/16000 rss=0.03GB
[N_d5_p0.1160] 7000/16000 rss=0.03GB
[N_d5_p0.1160] 7500/16000 rss=0.03GB
[N_d5_p0.1160] 8000/16000 rss=0.03GB
[N_d5_p0.1160] 8500/16000 rss=0.03GB
[N_d5_p0.1160] 9000/16000 rss=0.03GB
[N_d5_p0.1160] 9500/16000 rss=0.03GB
[N_d5_p0.1160] 10000/16000 rss=0.03GB
[N_d5_p0.1160] 10500/16000 rss=0.03GB
[N_d5_p0.1160] 11000/16000 rss=0.03GB
[N_d5_p0.1160] 11500/16000 rss=0.03GB
[N_d5_p0.1160] 12000/16000 rss=0.03GB
[N_d5_p0.1160] 12500/16000 rss=0.03GB
[N_d5_p0.1160] 13000/16000 rss=0.03GB
[N_d5_p0.1160] 13500/16000 rss=0.03GB
[N_d5_p0.1160] 14000/16000 rss=0.03GB
[N_d5_p0.1160] 14500/16000 rss=0.03GB
[N_d5_p0.1160] 15000/16000 rss=0.03GB
[N_d5_p0.1160] 15500/16000 rss=0.03GB
[N_d5_p0.1160] 16000/16000 rss=0.03GB
[N_d5_p0.1160] n=16000 MAP 0.1649 MWPM 0.1653
/Users/aberezutskii/mdopt/.venv/lib/python3.13/site-packages/galois/_domains/_linalg.py:60: RuntimeWarning: divide by zero encountered in matmul
  c = function(a, b, out=out)
/Users/aberezutskii/mdopt/.venv/lib/python3.13/site-packages/galois/_domains/_linalg.py:60: RuntimeWarning: overflow encountered in matmul
  c = function(a, b, out=out)
/Users/aberezutskii/mdopt/.venv/lib/python3.13/site-packages/galois/_domains/_linalg.py:60: RuntimeWarning: invalid value encountered in matmul
  c = function(a, b, out=out)
[N_d7_p0.0950] 500/16000 rss=0.03GB
[N_d7_p0.0950] 1000/16000 rss=0.03GB
[N_d7_p0.0950] 1500/16000 rss=0.03GB
[N_d7_p0.0950] 2000/16000 rss=0.03GB
[N_d7_p0.0950] 2500/16000 rss=0.03GB
[N_d7_p0.0950] 3000/16000 rss=0.03GB
[N_d7_p0.0950] 3500/16000 rss=0.03GB
[N_d7_p0.0950] 4000/16000 rss=0.03GB
[N_d7_p0.0950] 4500/16000 rss=0.03GB
[N_d7_p0.0950] 5000/16000 rss=0.03GB
[N_d7_p0.0950] 5500/16000 rss=0.03GB
[N_d7_p0.0950] 6000/16000 rss=0.03GB
[N_d7_p0.0950] 6500/16000 rss=0.03GB
[N_d7_p0.0950] 7000/16000 rss=0.03GB
[N_d7_p0.0950] 7500/16000 rss=0.03GB
[N_d7_p0.0950] 8000/16000 rss=0.03GB
[N_d7_p0.0950] 8500/16000 rss=0.03GB
[N_d7_p0.0950] 9000/16000 rss=0.03GB
[N_d7_p0.0950] 9500/16000 rss=0.03GB
[N_d7_p0.0950] 10000/16000 rss=0.03GB
[N_d7_p0.0950] 10500/16000 rss=0.03GB
[N_d7_p0.0950] 11000/16000 rss=0.03GB
[N_d7_p0.0950] 11500/16000 rss=0.03GB
[N_d7_p0.0950] 12000/16000 rss=0.03GB
[N_d7_p0.0950] 12500/16000 rss=0.03GB
[N_d7_p0.0950] 13000/16000 rss=0.03GB
[N_d7_p0.0950] 13500/16000 rss=0.03GB
[N_d7_p0.0950] 14000/16000 rss=0.03GB
[N_d7_p0.0950] 14500/16000 rss=0.03GB
[N_d7_p0.0950] 15000/16000 rss=0.03GB
[N_d7_p0.0950] 15500/16000 rss=0.21GB
[N_d7_p0.0950] 16000/16000 rss=0.21GB
[N_d7_p0.0950] n=16000 MAP 0.1108 MWPM 0.1125
[N_d7_p0.1000] 500/16000 rss=0.22GB
[N_d7_p0.1000] 1000/16000 rss=0.22GB
[N_d7_p0.1000] 1500/16000 rss=0.21GB
[N_d7_p0.1000] 2000/16000 rss=0.21GB
[N_d7_p0.1000] 2500/16000 rss=0.21GB
[N_d7_p0.1000] 3000/16000 rss=0.21GB
[N_d7_p0.1000] 3500/16000 rss=0.21GB
[N_d7_p0.1000] 4000/16000 rss=0.21GB
[N_d7_p0.1000] 4500/16000 rss=0.21GB
[N_d7_p0.1000] 5000/16000 rss=0.21GB
[N_d7_p0.1000] 5500/16000 rss=0.21GB
[N_d7_p0.1000] 6000/16000 rss=0.21GB
[N_d7_p0.1000] 6500/16000 rss=0.21GB
[N_d7_p0.1000] 7000/16000 rss=0.21GB
[N_d7_p0.1000] 7500/16000 rss=0.21GB
[N_d7_p0.1000] 8000/16000 rss=0.21GB
[N_d7_p0.1000] 8500/16000 rss=0.21GB
[N_d7_p0.1000] 9000/16000 rss=0.21GB
[N_d7_p0.1000] 9500/16000 rss=0.04GB
[N_d7_p0.1000] 10000/16000 rss=0.04GB
[N_d7_p0.1000] 10500/16000 rss=0.04GB
[N_d7_p0.1000] 11000/16000 rss=0.04GB
[N_d7_p0.1000] 11500/16000 rss=0.04GB
[N_d7_p0.1000] 12000/16000 rss=0.04GB
[N_d7_p0.1000] 12500/16000 rss=0.04GB
[N_d7_p0.1000] 13000/16000 rss=0.04GB
[N_d7_p0.1000] 13500/16000 rss=0.03GB
[N_d7_p0.1000] 14000/16000 rss=0.03GB
[N_d7_p0.1000] 14500/16000 rss=0.03GB
[N_d7_p0.1000] 15000/16000 rss=0.04GB
[N_d7_p0.1000] 15500/16000 rss=0.04GB
[N_d7_p0.1000] 16000/16000 rss=0.04GB
[N_d7_p0.1000] n=16000 MAP 0.1273 MWPM 0.1311
[N_d7_p0.1040] 500/16000 rss=0.06GB
[N_d7_p0.1040] 1000/16000 rss=0.06GB
[N_d7_p0.1040] 1500/16000 rss=0.06GB
[N_d7_p0.1040] 2000/16000 rss=0.06GB
[N_d7_p0.1040] 2500/16000 rss=0.06GB
[N_d7_p0.1040] 3000/16000 rss=0.06GB
[N_d7_p0.1040] 3500/16000 rss=0.06GB
[N_d7_p0.1040] 4000/16000 rss=0.06GB
[N_d7_p0.1040] 4500/16000 rss=0.06GB
[N_d7_p0.1040] 5000/16000 rss=0.06GB
[N_d7_p0.1040] 5500/16000 rss=0.06GB
[N_d7_p0.1040] 6000/16000 rss=0.06GB
[N_d7_p0.1040] 6500/16000 rss=0.06GB
[N_d7_p0.1040] 7000/16000 rss=0.06GB
[N_d7_p0.1040] 7500/16000 rss=0.06GB
[N_d7_p0.1040] 8000/16000 rss=0.06GB
[N_d7_p0.1040] 8500/16000 rss=0.06GB
[N_d7_p0.1040] 9000/16000 rss=0.06GB
[N_d7_p0.1040] 9500/16000 rss=0.06GB
[N_d7_p0.1040] 10000/16000 rss=0.06GB
[N_d7_p0.1040] 10500/16000 rss=0.06GB
[N_d7_p0.1040] 11000/16000 rss=0.06GB
[N_d7_p0.1040] 11500/16000 rss=0.06GB
[N_d7_p0.1040] 12000/16000 rss=0.06GB
[N_d7_p0.1040] 12500/16000 rss=0.06GB
[N_d7_p0.1040] 13000/16000 rss=0.06GB
[N_d7_p0.1040] 13500/16000 rss=0.06GB
[N_d7_p0.1040] 14000/16000 rss=0.06GB
[N_d7_p0.1040] 14500/16000 rss=0.06GB
[N_d7_p0.1040] 15000/16000 rss=0.06GB
[N_d7_p0.1040] 15500/16000 rss=0.06GB
[N_d7_p0.1040] 16000/16000 rss=0.06GB
[N_d7_p0.1040] n=16000 MAP 0.1351 MWPM 0.1386
[N_d7_p0.1080] 500/16000 rss=0.06GB
[N_d7_p0.1080] 1000/16000 rss=0.06GB
[N_d7_p0.1080] 1500/16000 rss=0.06GB
[N_d7_p0.1080] 2000/16000 rss=0.06GB
[N_d7_p0.1080] 2500/16000 rss=0.06GB
[N_d7_p0.1080] 3000/16000 rss=0.06GB
[N_d7_p0.1080] 3500/16000 rss=0.06GB
[N_d7_p0.1080] 4000/16000 rss=0.06GB
[N_d7_p0.1080] 4500/16000 rss=0.06GB
[N_d7_p0.1080] 5000/16000 rss=0.06GB
[N_d7_p0.1080] 5500/16000 rss=0.06GB
[N_d7_p0.1080] 6000/16000 rss=0.06GB
[N_d7_p0.1080] 6500/16000 rss=0.06GB
[N_d7_p0.1080] 7000/16000 rss=0.06GB
[N_d7_p0.1080] 7500/16000 rss=0.22GB
[N_d7_p0.1080] 8000/16000 rss=0.22GB
[N_d7_p0.1080] 8500/16000 rss=0.22GB
[N_d7_p0.1080] 9000/16000 rss=0.22GB
[N_d7_p0.1080] 9500/16000 rss=0.22GB
[N_d7_p0.1080] 10000/16000 rss=0.22GB
[N_d7_p0.1080] 10500/16000 rss=0.22GB
[N_d7_p0.1080] 11000/16000 rss=0.22GB
[N_d7_p0.1080] 11500/16000 rss=0.22GB
[N_d7_p0.1080] 12000/16000 rss=0.22GB
[N_d7_p0.1080] 12500/16000 rss=0.22GB
[N_d7_p0.1080] 13000/16000 rss=0.22GB
[N_d7_p0.1080] 13500/16000 rss=0.22GB
[N_d7_p0.1080] 14000/16000 rss=0.22GB
[N_d7_p0.1080] 14500/16000 rss=0.22GB
[N_d7_p0.1080] 15000/16000 rss=0.22GB
[N_d7_p0.1080] 15500/16000 rss=0.22GB
[N_d7_p0.1080] 16000/16000 rss=0.22GB
[N_d7_p0.1080] n=16000 MAP 0.1527 MWPM 0.1554
[N_d7_p0.1120] 500/16000 rss=0.22GB
[N_d7_p0.1120] 1000/16000 rss=0.22GB
[N_d7_p0.1120] 1500/16000 rss=0.22GB
[N_d7_p0.1120] 2000/16000 rss=0.22GB
[N_d7_p0.1120] 2500/16000 rss=0.22GB
[N_d7_p0.1120] 3000/16000 rss=0.22GB
[N_d7_p0.1120] 3500/16000 rss=0.22GB
[N_d7_p0.1120] 4000/16000 rss=0.22GB
[N_d7_p0.1120] 4500/16000 rss=0.22GB
[N_d7_p0.1120] 5000/16000 rss=0.22GB
[N_d7_p0.1120] 5500/16000 rss=0.22GB
[N_d7_p0.1120] 6000/16000 rss=0.22GB
[N_d7_p0.1120] 6500/16000 rss=0.22GB
[N_d7_p0.1120] 7000/16000 rss=0.22GB
[N_d7_p0.1120] 7500/16000 rss=0.22GB
[N_d7_p0.1120] 8000/16000 rss=0.22GB
[N_d7_p0.1120] 8500/16000 rss=0.22GB
[N_d7_p0.1120] 9000/16000 rss=0.22GB
[N_d7_p0.1120] 9500/16000 rss=0.22GB
[N_d7_p0.1120] 10000/16000 rss=0.22GB
[N_d7_p0.1120] 10500/16000 rss=0.22GB
[N_d7_p0.1120] 11000/16000 rss=0.22GB
[N_d7_p0.1120] 11500/16000 rss=0.22GB
[N_d7_p0.1120] 12000/16000 rss=0.22GB
[N_d7_p0.1120] 12500/16000 rss=0.22GB
[N_d7_p0.1120] 13000/16000 rss=0.22GB
[N_d7_p0.1120] 13500/16000 rss=0.22GB
[N_d7_p0.1120] 14000/16000 rss=0.22GB
[N_d7_p0.1120] 14500/16000 rss=0.22GB
[N_d7_p0.1120] 15000/16000 rss=0.22GB
[N_d7_p0.1120] 15500/16000 rss=0.22GB
[N_d7_p0.1120] 16000/16000 rss=0.22GB
[N_d7_p0.1120] n=16000 MAP 0.1626 MWPM 0.1687
[N_d7_p0.1160] 500/16000 rss=0.22GB
[N_d7_p0.1160] 1000/16000 rss=0.22GB
[N_d7_p0.1160] 1500/16000 rss=0.22GB
[N_d7_p0.1160] 2000/16000 rss=0.22GB
[N_d7_p0.1160] 2500/16000 rss=0.22GB
[N_d7_p0.1160] 3000/16000 rss=0.22GB
[N_d7_p0.1160] 3500/16000 rss=0.22GB
[N_d7_p0.1160] 4000/16000 rss=0.22GB
[N_d7_p0.1160] 4500/16000 rss=0.22GB
[N_d7_p0.1160] 5000/16000 rss=0.22GB
[N_d7_p0.1160] 5500/16000 rss=0.22GB
[N_d7_p0.1160] 6000/16000 rss=0.22GB
[N_d7_p0.1160] 6500/16000 rss=0.22GB
[N_d7_p0.1160] 7000/16000 rss=0.22GB
[N_d7_p0.1160] 7500/16000 rss=0.22GB
[N_d7_p0.1160] 8000/16000 rss=0.22GB
[N_d7_p0.1160] 8500/16000 rss=0.22GB
[N_d7_p0.1160] 9000/16000 rss=0.22GB
[N_d7_p0.1160] 9500/16000 rss=0.22GB
[N_d7_p0.1160] 10000/16000 rss=0.22GB
[N_d7_p0.1160] 10500/16000 rss=0.22GB
[N_d7_p0.1160] 11000/16000 rss=0.22GB
[N_d7_p0.1160] 11500/16000 rss=0.22GB
[N_d7_p0.1160] 12000/16000 rss=0.22GB
[N_d7_p0.1160] 12500/16000 rss=0.22GB
[N_d7_p0.1160] 13000/16000 rss=0.22GB
[N_d7_p0.1160] 13500/16000 rss=0.22GB
[N_d7_p0.1160] 14000/16000 rss=0.22GB
[N_d7_p0.1160] 14500/16000 rss=0.22GB
[N_d7_p0.1160] 15000/16000 rss=0.22GB
[N_d7_p0.1160] 15500/16000 rss=0.22GB
[N_d7_p0.1160] 16000/16000 rss=0.22GB
[N_d7_p0.1160] n=16000 MAP 0.1723 MWPM 0.1777
[N_d11_p0.0950] 500/4000 rss=0.33GB
[N_d11_p0.0950] 1000/4000 rss=0.34GB
[N_d11_p0.0950] 1500/4000 rss=0.34GB
[N_d11_p0.0950] 2000/4000 rss=0.34GB
[N_d11_p0.0950] 2500/4000 rss=0.32GB
[N_d11_p0.0950] 3000/4000 rss=0.33GB
[N_d11_p0.0950] 3500/4000 rss=0.33GB
[N_d11_p0.0950] 4000/4000 rss=0.33GB
[N_d11_p0.0950] n=4000 MAP 0.1052 MWPM 0.1092
[N_d11_p0.1000] 500/4000 rss=0.34GB
[N_d11_p0.1000] 1000/4000 rss=0.34GB
[N_d11_p0.1000] 1500/4000 rss=0.34GB
[N_d11_p0.1000] 2000/4000 rss=0.34GB
[N_d11_p0.1000] 2500/4000 rss=0.34GB
[N_d11_p0.1000] 3000/4000 rss=0.33GB
[N_d11_p0.1000] 3500/4000 rss=0.32GB
[N_d11_p0.1000] 4000/4000 rss=0.32GB
[N_d11_p0.1000] n=4000 MAP 0.1120 MWPM 0.1170
[N_d11_p0.1040] 500/4000 rss=0.34GB
[N_d11_p0.1040] 1000/4000 rss=0.34GB
[N_d11_p0.1040] 1500/4000 rss=0.33GB
[N_d11_p0.1040] 2000/4000 rss=0.33GB
[N_d11_p0.1040] 2500/4000 rss=0.34GB
[N_d11_p0.1040] 3000/4000 rss=0.33GB
[N_d11_p0.1040] 3500/4000 rss=0.33GB
[N_d11_p0.1040] 4000/4000 rss=0.33GB
[N_d11_p0.1040] n=4000 MAP 0.1288 MWPM 0.1440
[N_d11_p0.1080] 500/4000 rss=0.32GB
[N_d11_p0.1080] 1000/4000 rss=0.32GB
[N_d11_p0.1080] 1500/4000 rss=0.33GB
[N_d11_p0.1080] 2000/4000 rss=0.32GB
[N_d11_p0.1080] 2500/4000 rss=0.32GB
[N_d11_p0.1080] 3000/4000 rss=0.32GB
[N_d11_p0.1080] 3500/4000 rss=0.32GB
[N_d11_p0.1080] 4000/4000 rss=0.32GB
[N_d11_p0.1080] n=4000 MAP 0.1573 MWPM 0.1690
[N_d11_p0.1120] 500/4000 rss=0.33GB
[N_d11_p0.1120] 1000/4000 rss=0.32GB
[N_d11_p0.1120] 1500/4000 rss=0.35GB
[N_d11_p0.1120] 2000/4000 rss=0.33GB
[N_d11_p0.1120] 2500/4000 rss=0.33GB
[N_d11_p0.1120] 3000/4000 rss=0.33GB
[N_d11_p0.1120] 3500/4000 rss=0.32GB
[N_d11_p0.1120] 4000/4000 rss=0.24GB
[N_d11_p0.1120] n=4000 MAP 0.1685 MWPM 0.1890
[N_d11_p0.1160] 500/4000 rss=0.16GB
[N_d11_p0.1160] 1000/4000 rss=0.33GB
[N_d11_p0.1160] 1500/4000 rss=0.33GB
[N_d11_p0.1160] 2000/4000 rss=0.33GB
[N_d11_p0.1160] 2500/4000 rss=0.33GB
[N_d11_p0.1160] 3000/4000 rss=0.34GB
[N_d11_p0.1160] 3500/4000 rss=0.34GB
[N_d11_p0.1160] 4000/4000 rss=0.34GB
[N_d11_p0.1160] n=4000 MAP 0.1973 MWPM 0.2122
[N_d5_p0.0700] 500/4000 rss=0.34GB
[N_d5_p0.0700] 1000/4000 rss=0.34GB
[N_d5_p0.0700] 1500/4000 rss=0.34GB
[N_d5_p0.0700] 2000/4000 rss=0.34GB
[N_d5_p0.0700] 2500/4000 rss=0.34GB
[N_d5_p0.0700] 3000/4000 rss=0.34GB
[N_d5_p0.0700] 3500/4000 rss=0.34GB
[N_d5_p0.0700] 4000/4000 rss=0.34GB
[N_d5_p0.0700] n=4000 MAP 0.0522 MWPM 0.0525
[N_d7_p0.0700] 500/4000 rss=0.34GB
[N_d7_p0.0700] 1000/4000 rss=0.34GB
[N_d7_p0.0700] 1500/4000 rss=0.34GB
[N_d7_p0.0700] 2000/4000 rss=0.32GB
[N_d7_p0.0700] 2500/4000 rss=0.32GB
[N_d7_p0.0700] 3000/4000 rss=0.32GB
[N_d7_p0.0700] 3500/4000 rss=0.32GB
[N_d7_p0.0700] 4000/4000 rss=0.32GB
[N_d7_p0.0700] n=4000 MAP 0.0428 MWPM 0.0447
[N_d9_p0.0700] 500/4000 rss=0.31GB
[N_d9_p0.0700] 1000/4000 rss=0.31GB
[N_d9_p0.0700] 1500/4000 rss=0.29GB
[N_d9_p0.0700] 2000/4000 rss=0.27GB
[N_d9_p0.0700] 2500/4000 rss=0.28GB
[N_d9_p0.0700] 3000/4000 rss=0.28GB
[N_d9_p0.0700] 3500/4000 rss=0.18GB
[N_d9_p0.0700] 4000/4000 rss=0.11GB
[N_d9_p0.0700] n=4000 MAP 0.0405 MWPM 0.0405
[N_d11_p0.0700] 500/4000 rss=0.33GB
[N_d11_p0.0700] 1000/4000 rss=0.14GB
[N_d11_p0.0700] 1500/4000 rss=0.12GB
[N_d11_p0.0700] 2000/4000 rss=0.14GB
[N_d11_p0.0700] 2500/4000 rss=0.15GB
[N_d11_p0.0700] 3000/4000 rss=0.12GB
[N_d11_p0.0700] 3500/4000 rss=0.11GB
[N_d11_p0.0700] 4000/4000 rss=0.11GB
[N_d11_p0.0700] n=4000 MAP 0.0325 MWPM 0.0330
[N_d5_p0.0850] 500/4000 rss=0.12GB
[N_d5_p0.0850] 1000/4000 rss=0.12GB
[N_d5_p0.0850] 1500/4000 rss=0.12GB
[N_d5_p0.0850] 2000/4000 rss=0.07GB
[N_d5_p0.0850] 2500/4000 rss=0.07GB
[N_d5_p0.0850] 3000/4000 rss=0.07GB
[N_d5_p0.0850] 3500/4000 rss=0.05GB
[N_d5_p0.0850] 4000/4000 rss=0.03GB
[N_d5_p0.0850] n=4000 MAP 0.0848 MWPM 0.0853
[N_d7_p0.0850] 500/4000 rss=0.04GB
[N_d7_p0.0850] 1000/4000 rss=0.03GB
[N_d7_p0.0850] 1500/4000 rss=0.03GB
[N_d7_p0.0850] 2000/4000 rss=0.03GB
[N_d7_p0.0850] 2500/4000 rss=0.03GB
[N_d7_p0.0850] 3000/4000 rss=0.03GB
[N_d7_p0.0850] 3500/4000 rss=0.03GB
[N_d7_p0.0850] 4000/4000 rss=0.03GB
[N_d7_p0.0850] n=4000 MAP 0.0877 MWPM 0.0885
[N_d9_p0.0850] 500/4000 rss=0.05GB
[N_d9_p0.0850] 1000/4000 rss=0.05GB
[N_d9_p0.0850] 1500/4000 rss=0.05GB
[N_d9_p0.0850] 2000/4000 rss=0.05GB
[N_d9_p0.0850] 2500/4000 rss=0.23GB
[N_d9_p0.0850] 3000/4000 rss=0.05GB
[N_d9_p0.0850] 3500/4000 rss=0.05GB
[N_d9_p0.0850] 4000/4000 rss=0.05GB
[N_d9_p0.0850] n=4000 MAP 0.0717 MWPM 0.0720
[N_d11_p0.0850] 500/4000 rss=0.17GB
[N_d11_p0.0850] 1000/4000 rss=0.14GB
[N_d11_p0.0850] 1500/4000 rss=0.14GB
[N_d11_p0.0850] 2000/4000 rss=0.14GB
[N_d11_p0.0850] 2500/4000 rss=0.16GB
[N_d11_p0.0850] 3000/4000 rss=0.16GB
[N_d11_p0.0850] 3500/4000 rss=0.14GB
[N_d11_p0.0850] 4000/4000 rss=0.13GB
[N_d11_p0.0850] n=4000 MAP 0.0675 MWPM 0.0780
[N_d5_p0.1300] 500/4000 rss=0.14GB
[N_d5_p0.1300] 1000/4000 rss=0.12GB
[N_d5_p0.1300] 1500/4000 rss=0.10GB
[N_d5_p0.1300] 2000/4000 rss=0.10GB
[N_d5_p0.1300] 2500/4000 rss=0.10GB
[N_d5_p0.1300] 3000/4000 rss=0.10GB
[N_d5_p0.1300] 3500/4000 rss=0.10GB
[N_d5_p0.1300] 4000/4000 rss=0.03GB
[N_d5_p0.1300] n=4000 MAP 0.2060 MWPM 0.2110
[N_d7_p0.1300] 500/4000 rss=0.04GB
[N_d7_p0.1300] 1000/4000 rss=0.04GB
[N_d7_p0.1300] 1500/4000 rss=0.04GB
[N_d7_p0.1300] 2000/4000 rss=0.03GB
[N_d7_p0.1300] 2500/4000 rss=0.03GB
[N_d7_p0.1300] 3000/4000 rss=0.03GB
[N_d7_p0.1300] 3500/4000 rss=0.22GB
[N_d7_p0.1300] 4000/4000 rss=0.22GB
[N_d7_p0.1300] n=4000 MAP 0.2135 MWPM 0.2233
[N_d9_p0.1300] 500/4000 rss=0.23GB
[N_d9_p0.1300] 1000/4000 rss=0.04GB
[N_d9_p0.1300] 1500/4000 rss=0.05GB
[N_d9_p0.1300] 2000/4000 rss=0.05GB
[N_d9_p0.1300] 2500/4000 rss=0.04GB
[N_d9_p0.1300] 3000/4000 rss=0.05GB
[N_d9_p0.1300] 3500/4000 rss=0.05GB
[N_d9_p0.1300] 4000/4000 rss=0.05GB
[N_d9_p0.1300] n=4000 MAP 0.2275 MWPM 0.2347
[N_d11_p0.1300] 500/4000 rss=0.11GB
[N_d11_p0.1300] 1000/4000 rss=0.12GB
[N_d11_p0.1300] 1500/4000 rss=0.13GB
[N_d11_p0.1300] 2000/4000 rss=0.13GB
[N_d11_p0.1300] 2500/4000 rss=0.11GB
[N_d11_p0.1300] 3000/4000 rss=0.11GB
[N_d11_p0.1300] 3500/4000 rss=0.11GB
[N_d11_p0.1300] 4000/4000 rss=0.30GB
[N_d11_p0.1300] n=4000 MAP 0.2587 MWPM 0.2873
WORKER B DONE
