[T_d3r3_p0.0060] ladder=(16, 32, 64) escalate=128 resuming at 0/2000
[T_d3r3_p0.0060] 200/2000 calib: predicted 3.1 observed 4 z=+0.53 escalations=0
[T_d3r3_p0.0060] 400/2000 calib: predicted 5.2 observed 8 z=+1.23 escalations=0
[T_d3r3_p0.0060] 600/2000 calib: predicted 7.4 observed 12 z=+1.69 escalations=0
[T_d3r3_p0.0060] 800/2000 calib: predicted 9.1 observed 14 z=+1.64 escalations=0
[T_d3r3_p0.0060] 1000/2000 calib: predicted 11.4 observed 18 z=+1.97 escalations=0
[T_d3r3_p0.0060] 1200/2000 calib: predicted 12.8 observed 22 z=+2.57 escalations=0
[T_d3r3_p0.0060] 1400/2000 calib: predicted 14.9 observed 22 z=+1.85 escalations=0
[T_d3r3_p0.0060] 1600/2000 calib: predicted 18.9 observed 27 z=+1.86 escalations=0
[T_d3r3_p0.0060] 1800/2000 calib: predicted 21.0 observed 30 z=+1.96 escalations=0
[T_d3r3_p0.0060] 2000/2000 calib: predicted 23.3 observed 30 z=+1.38 escalations=0
[T_d3r3_p0.0060] map: fails=30 (0.0150)
[T_d3r3_p0.0060] mwpm: fails=40 (0.0200)
[T_d3r3_p0.0060] bm: fails=39 (0.0195)
[T_d3r3_p0.0060] ladder LER(chi=16): 0.0150
[T_d3r3_p0.0060] ladder LER(chi=32): 0.0150
[T_d3r3_p0.0060] ladder LER(chi=64): 0.0150
[T_d3r3_p0.0060] final calibration: predicted 23.3 observed 30 z=+1.38
[T_d3r3_p0.0060] complete (2000)
[T_d3r3_p0.0070] ladder=(16, 32, 64) escalate=128 resuming at 0/2000
[T_d3r3_p0.0070] 200/2000 calib: predicted 4.1 observed 4 z=-0.06 escalations=0
[T_d3r3_p0.0070] 400/2000 calib: predicted 7.0 observed 7 z=+0.01 escalations=0
[T_d3r3_p0.0070] 600/2000 calib: predicted 10.2 observed 10 z=-0.05 escalations=0
[T_d3r3_p0.0070] 800/2000 calib: predicted 14.4 observed 14 z=-0.10 escalations=0
[T_d3r3_p0.0070] 1000/2000 calib: predicted 17.4 observed 16 z=-0.33 escalations=0
[T_d3r3_p0.0070] 1200/2000 calib: predicted 21.0 observed 20 z=-0.22 escalations=0
[T_d3r3_p0.0070] 1400/2000 calib: predicted 23.3 observed 21 z=-0.48 escalations=0
[T_d3r3_p0.0070] 1600/2000 calib: predicted 26.3 observed 21 z=-1.04 escalations=0
[T_d3r3_p0.0070] 1800/2000 calib: predicted 29.8 observed 24 z=-1.06 escalations=0
[T_d3r3_p0.0070] 2000/2000 calib: predicted 33.2 observed 29 z=-0.73 escalations=0
[T_d3r3_p0.0070] map: fails=29 (0.0145)
[T_d3r3_p0.0070] mwpm: fails=45 (0.0225)
[T_d3r3_p0.0070] bm: fails=35 (0.0175)
[T_d3r3_p0.0070] ladder LER(chi=16): 0.0140
[T_d3r3_p0.0070] ladder LER(chi=32): 0.0145
[T_d3r3_p0.0070] ladder LER(chi=64): 0.0145
[T_d3r3_p0.0070] final calibration: predicted 33.2 observed 29 z=-0.73
[T_d3r3_p0.0070] complete (2000)
[T_d3r3_p0.0080] ladder=(16, 32, 64) escalate=128 resuming at 0/2000
[T_d3r3_p0.0080] 200/2000 calib: predicted 6.8 observed 9 z=+0.86 escalations=0
[T_d3r3_p0.0080] 400/2000 calib: predicted 10.3 observed 12 z=+0.51 escalations=0
[T_d3r3_p0.0080] 600/2000 calib: predicted 16.9 observed 20 z=+0.76 escalations=0
[T_d3r3_p0.0080] 800/2000 calib: predicted 19.7 observed 24 z=+0.97 escalations=0
[T_d3r3_p0.0080] 1000/2000 calib: predicted 24.2 observed 28 z=+0.77 escalations=0
[T_d3r3_p0.0080] 1200/2000 calib: predicted 27.1 observed 30 z=+0.56 escalations=0
[T_d3r3_p0.0080] 1400/2000 calib: predicted 31.3 observed 36 z=+0.85 escalations=0
[T_d3r3_p0.0080] 1600/2000 calib: predicted 34.0 observed 39 z=+0.85 escalations=0
[T_d3r3_p0.0080] 1800/2000 calib: predicted 37.5 observed 45 z=+1.23 escalations=0
[T_d3r3_p0.0080] 2000/2000 calib: predicted 41.6 observed 48 z=+0.99 escalations=0
[T_d3r3_p0.0080] map: fails=48 (0.0240)
[T_d3r3_p0.0080] mwpm: fails=62 (0.0310)
[T_d3r3_p0.0080] bm: fails=48 (0.0240)
[T_d3r3_p0.0080] ladder LER(chi=16): 0.0245
[T_d3r3_p0.0080] ladder LER(chi=32): 0.0240
[T_d3r3_p0.0080] ladder LER(chi=64): 0.0240
[T_d3r3_p0.0080] final calibration: predicted 41.6 observed 48 z=+0.99
[T_d3r3_p0.0080] complete (2000)
[T_d3r3_p0.0090] ladder=(16, 32, 64) escalate=128 resuming at 0/2000
[T_d3r3_p0.0090] 200/2000 calib: predicted 6.7 observed 6 z=-0.27 escalations=0
[T_d3r3_p0.0090] 400/2000 calib: predicted 12.7 observed 12 z=-0.19 escalations=0
[T_d3r3_p0.0090] 600/2000 calib: predicted 19.9 observed 18 z=-0.43 escalations=0
[T_d3r3_p0.0090] 800/2000 calib: predicted 25.7 observed 22 z=-0.74 escalations=0
[T_d3r3_p0.0090] 1000/2000 calib: predicted 31.7 observed 28 z=-0.66 escalations=0
[T_d3r3_p0.0090] 1200/2000 calib: predicted 38.5 observed 38 z=-0.07 escalations=0
[T_d3r3_p0.0090] 1400/2000 calib: predicted 45.2 observed 41 z=-0.63 escalations=0
[T_d3r3_p0.0090] 1600/2000 calib: predicted 49.8 observed 46 z=-0.54 escalations=0
[T_d3r3_p0.0090] 1800/2000 calib: predicted 55.3 observed 52 z=-0.45 escalations=0
[T_d3r3_p0.0090] 2000/2000 calib: predicted 61.5 observed 58 z=-0.44 escalations=0
[T_d3r3_p0.0090] map: fails=58 (0.0290)
[T_d3r3_p0.0090] mwpm: fails=79 (0.0395)
[T_d3r3_p0.0090] bm: fails=66 (0.0330)
[T_d3r3_p0.0090] ladder LER(chi=16): 0.0300
[T_d3r3_p0.0090] ladder LER(chi=32): 0.0290
[T_d3r3_p0.0090] ladder LER(chi=64): 0.0290
[T_d3r3_p0.0090] final calibration: predicted 61.5 observed 58 z=-0.44
[T_d3r3_p0.0090] complete (2000)
REPRO DONE
